<?xml version="1.0" encoding="UTF-8"?>
<TestRun id="186a9fcd-924d-4b8e-9f34-a5da452fc2d9" name="dannys@PA18746 2019-06-04T08:26:22.047Z" runUser="dannys" xmlns="http://microsoft.com/schemas/VisualStudio/TeamTest/2010">
  <TestSettings name="Jest test run" id="ac6a4a2c-f2be-4ce5-a7f4-9407bec50a0e"/>
  <Times creation="2019-06-04T08:26:22.047Z" queuing="2019-06-04T08:26:22.047Z" start="2019-06-04T08:26:22.047Z"/>
  <ResultSummary outcome="Passed">
    <Counters total="2" executed="2" passed="2" failed="0" error="0"/>
  </ResultSummary>
  <TestDefinitions>
    <UnitTest name="SpFxJest component / should exist" id="061940b0-5ec4-45c2-bea4-127bea54da63">
      <Execution id="d387172f-535d-4ac8-86e6-b97936e3eb80"/>
      <TestMethod codeBase="Jest_SpFxJest component / should exist" name="SpFxJest component / should exist" className="SpFxJest component"/>
    </UnitTest>
    <UnitTest name="SpFxJest component / should have description: &quot;Test description&quot;" id="10c9cd51-65bf-4dbe-a5c0-5a11936e3d71">
      <Execution id="4175ad3f-7f3e-4bdc-b063-6684c66de878"/>
      <TestMethod codeBase="Jest_SpFxJest component / should have description: &quot;Test description&quot;" name="SpFxJest component / should have description: &quot;Test description&quot;" className="SpFxJest component"/>
    </UnitTest>
  </TestDefinitions>
  <TestLists>
    <TestList name="Results Not in a List" id="8c84fa94-04c1-424b-9868-57a2d4851a1d"/>
    <TestList name="All Loaded Results" id="19431567-8539-422a-85d7-44ee4e166bda"/>
  </TestLists>
  <TestEntries>
    <TestEntry testId="061940b0-5ec4-45c2-bea4-127bea54da63" executionId="d387172f-535d-4ac8-86e6-b97936e3eb80" testListId="8c84fa94-04c1-424b-9868-57a2d4851a1d"/>
    <TestEntry testId="10c9cd51-65bf-4dbe-a5c0-5a11936e3d71" executionId="4175ad3f-7f3e-4bdc-b063-6684c66de878" testListId="8c84fa94-04c1-424b-9868-57a2d4851a1d"/>
  </TestEntries>
  <Results>
    <UnitTestResult testId="061940b0-5ec4-45c2-bea4-127bea54da63" executionId="d387172f-535d-4ac8-86e6-b97936e3eb80" testName="SpFxJest component / should exist" computerName="PA18746" duration="00:00:01.841" startTime="2019-06-04T08:26:23.654Z" endTime="2019-06-04T08:26:25.495Z" testType="13cdc9d9-ddb5-4fa4-a97d-d965ccfc6d4b" outcome="Passed" testListId="8c84fa94-04c1-424b-9868-57a2d4851a1d"/>
    <UnitTestResult testId="10c9cd51-65bf-4dbe-a5c0-5a11936e3d71" executionId="4175ad3f-7f3e-4bdc-b063-6684c66de878" testName="SpFxJest component / should have description: &quot;Test description&quot;" computerName="PA18746" duration="00:00:01.841" startTime="2019-06-04T08:26:25.495Z" endTime="2019-06-04T08:26:27.336Z" testType="13cdc9d9-ddb5-4fa4-a97d-d965ccfc6d4b" outcome="Passed" testListId="8c84fa94-04c1-424b-9868-57a2d4851a1d"/>
  </Results>
</TestRun>